// Jest Snapshot v1, https://goo.gl/fbAQLP

exports[`TextArea component tests Renders consistently 1`] = `
<div
  className="pretty-row"
>
  This is a child element
</div>
`;
